// Vitest Snapshot v1, https://vitest.dev/guide/snapshot.html

exports[`Badge.vue > matches the snapshot 1`] = `"<div class="flex" id="test-badge"><sup class="text-[10px] font-bold py-0.5 px-1 min-w-5 rounded-full h-5 flex justify-center items-center text-pea-surface-white bg-pea-default-100" role="status" aria-live="polite">5</sup></div>"`;
